C51 COMPILER V9.56.0.0   MCU                                                               12/17/2017 17:53:42 PAGE 1   


C51 COMPILER V9.56.0.0, COMPILATION OF MODULE MCU
OBJECT MODULE PLACED IN .\Objects\mcu.obj
COMPILER INVOKED BY: E:\Keil\C51\BIN\C51.EXE code\mcu.c LARGE OPTIMIZE(8,SPEED) BROWSE DEBUG OBJECTEXTEND PRINT(.\Listin
                    -gs\mcu.lst) TABS(2) OBJECT(.\Objects\mcu.obj)

line level    source

   1          #include "gheader.h"
   2          
   3          u8 ResetStatus;
   4          
   5          bdata bit m_b10ms;
   6          bdata bit m_b100ms;
   7          bdata bit m_b500ms;
   8          bdata bit m_b1000ms;
   9          
  10          #ifdef UART0
  11          u8 RS_buf[RS_BUF_MAX];
  12          data u8 RS_in=0,RS_out=0;
  13          bit RS_Xbusy=0;
  14          #endif
  15          
  16          /*
  17          *************************************************************************
  18          设计    liwei
  19          文件    main
  20          功能    主函数入口
  21          *************************************************************************
  22          */
  23          void InitMcuReg(void)
  24          {
  25   1      
  26   1        rRC_LADJ = rRC_CALIBRATION_DATA;
  27   1        ResetStatus = rRESET_FLG;
  28   1        rRESET_FLG |= 0x80;
  29   1        
  30   1        rRC_CALIB_EN = 0x80;  
  31   1        rSOURCE_CLK_SLT = 0xA0;         //内部12M晶振
  32   1        rSYS_CTL &=~0x80;       //数字滤波功能
  33   1        rWDT_CTL |=0xA0;        //关闭看门狗
  34   1        
  35   1        rSYS_CTL &=~0x80;       //Enable reset have digital filter
  36   1        rLVD_CTL = 0xA0;    
  37   1        EA = 1;             //全局中断
  38   1      
  39   1      //  rSOURCE_CLK_SLT|=0x03;               // 1T
  40   1      
  41   1      }
  42          
  43          
  44          
  45          /*
  46          *************************************************************************
  47          设计    liwei
  48          文件    main
  49          功能    主函数入口
  50          *************************************************************************
  51          */
  52          void InitMcuPort(void)
  53          {
  54   1        GPIOA1_PIN_OE=0;
C51 COMPILER V9.56.0.0   MCU                                                               12/17/2017 17:53:42 PAGE 2   

  55   1        GPIOA2_PIN_OE=0;
  56   1        GPIOA3_PIN_OE=0;
  57   1      
  58   1        GPIOA1_PIN_PHN=0; /*上拉*/
  59   1        GPIOA2_PIN_PHN=0; /*上拉*/
  60   1        GPIOA3_PIN_PHN=0; /*上拉*/
  61   1        
  62   1        //GPIOB1_PIN=0;
  63   1        //GPIOB2_PIN=0;
  64   1        //GPIOB3_PIN=0;
  65   1      
  66   1        GPIOA4_PIN_OE=1;
  67   1        GPIOA5_PIN_OE=1;
  68   1      
  69   1        GPIOA5_PIN=0;
  70   1        GPIOA4_PIN=0;
  71   1      
  72   1      }
  73          
  74          
  75          
  76          
  77          /*
  78          *************************************************************************
  79          设计    liwei
  80          文件    InitSysTimer
  81          功能    系统时钟初始化使用定时器0
  82          *************************************************************************
  83          */
  84          
  85          void InitSysTimer(void)
  86          {
  87   1        TMOD|=0x01;           // 定时器0使用16位定时器
  88   1        TL0= SYSTMR_DATAL;          // 载入定时器初始值
  89   1        TH0= SYSTMR_DATAH;
  90   1        ET0= 1;             // 允许定时中断1
  91   1        TR0= 1;               // 启动定时器
  92   1      }
  93          
  94          
  95          /*
  96          *************************************************************************
  97          设计    liwei
  98          文件    Timer0INT
  99          功能    定时器0中断执行函数
 100          *************************************************************************
 101          */
 102          
 103          void Timer0INT(void) interrupt 1
 104          {
 105   1        TR0=0;
 106   1        TL0= SYSTMR_DATAL;          // 载入定时器初始值
 107   1        TH0= SYSTMR_DATAH;
 108   1        TR0=1;
 109   1        tic_01++;
 110   1        tic_pc++;
 111   1      
 112   1        if((tic_01%10)==0)
 113   1          {
 114   2            m_b10ms=1;
 115   2          }
 116   1        
C51 COMPILER V9.56.0.0   MCU                                                               12/17/2017 17:53:42 PAGE 3   

 117   1        if((tic_01%100)==0){
 118   2            m_b100ms=1;
 119   2          } 
 120   1      
 121   1        if((tic_01%500)==0){
 122   2            m_b500ms=1;
 123   2          }   
 124   1        if((tic_01%1000)==0){
 125   2            m_b1000ms=1;
 126   2          }
 127   1        
 128   1      }
 129          
 130          bit Flg_KeyScanDly = 1;
 131          
 132          void SysTimer(void)
 133          {
 134   1        if(m_b10ms)
 135   1          {
 136   2            m_b10ms=0;
 137   2            Flg_KeyScanDly = ~Flg_KeyScanDly;
 138   2            if (Flg_KeyScanDly) KeyScan();
 139   2          }
 140   1      
 141   1        if(m_b1000ms)
 142   1          {
 143   2            m_b1000ms=0;
 144   2            ShowQCicon();
 145   2            EepSavePar();
 146   2          }
 147   1        
 148   1        if(m_b500ms)
 149   1          {
 150   2            m_b500ms=0;
 151   2            DisplayAll();
 152   2            led0=~led0;
 153   2            //ReadADC(ADC_CH0);
 154   2            //ReadADC(ADC_CH2);
 155   2            //ReadADC(ADC_CH3);
 156   2          }
 157   1        
 158   1      }
 159          
 160          
 161          
 162          #ifdef UART0
 163          
 164          /*
 165          *************************************************************************
 166          设计    liwei
 167          文件    InitUartPort
 168          功能    串口中断函数
 169                这里使用UART 0作为串口调试端口
 170                使用一个专用的定时器来做波特率
 171                发生器
 172                串口0使用的IO口位: TX0 B 路径 22pin
 173                                 RX0 B 路径 21pin
 174                  
 175          *************************************************************************
 176          */
 177          
 178          void SelectUart0Baudrate(BYTE BitRateIndex)
C51 COMPILER V9.56.0.0   MCU                                                               12/17/2017 17:53:42 PAGE 4   

 179          {
 180   1        switch(BitRateIndex)
 181   1        {
 182   2          case BIT_RATE600:
 183   2            rSBRG0H = 0xCE;
 184   2            rSBRG0L = 0x20;
 185   2            break;
 186   2          case BIT_RATE1200:
 187   2            rSBRG0H = 0xA7;
 188   2            rSBRG0L = 0x10;
 189   2            break;
 190   2          case BIT_RATE2400:
 191   2            rSBRG0H = 0x93;
 192   2            rSBRG0L = 0x88;
 193   2            break;
 194   2          case BIT_RATE4800:
 195   2            rSBRG0H = 0x89;
 196   2            rSBRG0L = 0xC4;
 197   2            break;
 198   2          case BIT_RATE9600:
 199   2            rSBRG0H = 0x84;
 200   2            rSBRG0L = 0xE2;
 201   2            break;
 202   2          case BIT_RATE14400:
 203   2            rSBRG0H = 0x83;
 204   2            rSBRG0L = 0x40;
 205   2            break;
 206   2          case BIT_RATE19200:
 207   2            rSBRG0H = 0x82;
 208   2            rSBRG0L = 0x71;
 209   2            break;
 210   2          case BIT_RATE38400:
 211   2            rSBRG0H = 0x81;
 212   2            rSBRG0L = 0x38;   
 213   2            break;
 214   2          case BIT_RATE57600:
 215   2            rSBRG0H = 0x80;
 216   2            rSBRG0L = 0xD0;     
 217   2            break;
 218   2          case BIT_RATE115200:
 219   2            rSBRG0H = 0x80;
 220   2            rSBRG0L = 0x68; 
 221   2            break;
 222   2          case BIT_RATE230400:
 223   2            rSBRG0H = 0x80;
 224   2            rSBRG0L = 0x34;       
 225   2            break;
 226   2          default:
 227   2            rSBRG0H = 0x80;
 228   2            rSBRG0L = 0x68;
 229   2            break;
 230   2        } 
 231   1      }
 232          
 233          
 234          /*
 235          *************************************************************************
 236          设计    liwei
 237          文件    InitUartPort
 238          功能    串口中断函数
 239                这里使用UART 0作为串口调试端口
 240                串口0使用定时器1作为可变频率发生器
C51 COMPILER V9.56.0.0   MCU                                                               12/17/2017 17:53:42 PAGE 5   

 241                串口0使用的IO口位: TX0 B 路径 22pin
 242                                 RX0 B 路径 21pin
 243                  
 244          *************************************************************************
 245          */
 246          
 247          void InitUartPort(void)
 248          {
 249   1        GPIOB7_PIN_OE=0;  // rx 输入
 250   1        GPIOC0_PIN_OE=1;  // tx 输出
 251   1        rGPIOB_FUN1|=0x40; // b7设置为RX 当这位设置为RXB时c0会自动设置为TXB
 252   1      
 253   1        //SelectUart0Baudrate(BIT_RATE9600);
 254   1        SelectUart0Baudrate(BIT_RATE115200);
 255   1      
 256   1        
 257   1        SCON0=0x50;  // 模式1
 258   1        
 259   1        ES = 1;       /*打开串口中断*/ 
 260   1      
 261   1      }
 262          
 263          /*
 264          *******************************************************************************
 265          设计    liwei
 266          文件    uart0_int
 267          功能    串口中断处理
 268          
 269          
 270          *******************************************************************************
 271          
 272          */
 273          
 274          void uart0_int(void) interrupt 4 using 1
 275          {
 276   1        if( RI ) {          //--- Receive interrupt ----
 277   2          RI = 0;
 278   2          RS_buf[RS_in++] = SBUF0;
 279   2          if( RS_in>=RS_BUF_MAX ) RS_in = 0;
 280   2        }
 281   1      
 282   1        if( TI ) {          //--- Transmit interrupt ----
 283   2          TI = 0;
 284   2          RS_Xbusy=0;
 285   2        }
 286   1      }
 287          
 288          /*
 289          *******************************************************************************
 290          设计    liwei
 291          文件    RS_ready
 292          功能    串口中断处理
 293          
 294          
 295          *******************************************************************************
 296          */
 297          BYTE RS_ready(void)
 298          {
 299   1        if( RS_in == RS_out ) return 0;
 300   1        else return 1;
 301   1      }
 302          
C51 COMPILER V9.56.0.0   MCU                                                               12/17/2017 17:53:42 PAGE 6   

 303          /*
 304          *******************************************************************************
 305          设计    liwei
 306          文件    RS_rx
 307          功能    接收函数
 308          
 309          
 310          *******************************************************************************
 311          */
 312          
 313          BYTE RS_rx(void)
 314          {
 315   1        BYTE  ret;
 316   1        ES = 0;
 317   1        ret = RS_buf[RS_out];
 318   1        RS_out++;
 319   1        if(RS_out >= RS_BUF_MAX) 
 320   1          RS_out = 0;
 321   1        ES = 1;
 322   1      
 323   1        return ret;
 324   1      }
 325          
 326          
 327          
 328          /*
 329          *******************************************************************************
 330          设计    liwei
 331          文件    RS_rx
 332          功能    发送函数
 333          
 334          
 335          *******************************************************************************
 336          
 337          */
 338          void RS_tx(BYTE tx_buf)
 339          {
 340   1        while(RS_Xbusy);
 341   1      
 342   1        ES = 0;     // To protect interrupt between SBUF and RS_Xbusy when it's slow
 343   1        SBUF0 = tx_buf;
 344   1        RS_Xbusy=1;
 345   1        ES = 1;
 346   1      }
 347          
 348          
 349          #endif


MODULE INFORMATION:   STATIC OVERLAYABLE
   CODE SIZE        =    747    ----
   CONSTANT SIZE    =   ----    ----
   XDATA SIZE       =      5    ----
   PDATA SIZE       =   ----    ----
   DATA SIZE        =      2    ----
   IDATA SIZE       =   ----    ----
   BIT SIZE         =      6    ----
END OF MODULE INFORMATION.


C51 COMPILATION COMPLETE.  0 WARNING(S),  0 ERROR(S)
